2026-03-01 10:59:04 [INFO] weekly_pnl: Log file: ./output/logs\pnl_20260301_105904.log
2026-03-01 10:59:04 [INFO] weekly_pnl: ═══ Weekly P&L Report: 2026-02-16 to 2026-02-22 ═══
2026-03-01 10:59:04 [DEBUG] google.auth.transport.requests: Making request: POST https://oauth2.googleapis.com/token
2026-03-01 10:59:04 [DEBUG] urllib3.connectionpool: Starting new HTTPS connection (1): oauth2.googleapis.com:443
2026-03-01 10:59:05 [DEBUG] urllib3.connectionpool: https://oauth2.googleapis.com:443 "POST /token HTTP/1.1" 200 None
2026-03-01 10:59:05 [INFO] googleapiclient.discovery_cache: file_cache is only supported with oauth2client<4.0.0
2026-03-01 10:59:05 [INFO] src.meta_gmail: Gmail search query: from:(facebookmail.com OR meta.com) subject:(receipt OR invoice OR חשבונית OR קבלה OR חיוב) after:2026/02/09 before:2026/03/09 has:attachment
2026-03-01 10:59:05 [DEBUG] googleapiclient.discovery: URL being requested: GET https://gmail.googleapis.com/gmail/v1/users/me/messages?q=from%3A%28facebookmail.com+OR+meta.com%29+subject%3A%28receipt+OR+invoice+OR+%D7%97%D7%A9%D7%91%D7%95%D7%A0%D7%99%D7%AA+OR+%D7%A7%D7%91%D7%9C%D7%94+OR+%D7%97%D7%99%D7%95%D7%91%29+after%3A2026%2F02%2F09+before%3A2026%2F03%2F09+has%3Aattachment&maxResults=50&alt=json
2026-03-01 10:59:06 [INFO] src.meta_gmail: Found 0 Meta emails
2026-03-01 10:59:06 [WARNING] src.meta_gmail: No Meta Ads emails found in Gmail
2026-03-01 10:59:06 [INFO] src.marketing: No Meta spend found in Gmail, trying local folder...
2026-03-01 10:59:06 [INFO] src.meta_gmail: Parsed 4 transactions from Meta CSV
2026-03-01 10:59:06 [INFO] src.meta_gmail: Week 2026-02-16–2026-02-22: 1 transactions, 929.00 ILS = $290.31 USD
2026-03-01 10:59:06 [INFO] src.marketing: Marketing from local Meta CSVs: $290.31
2026-03-01 10:59:06 [INFO] weekly_pnl: Marketing spend: $290.31 (found=True, source=Meta CSV (local))
2026-03-01 10:59:06 [INFO] weekly_pnl: Fetching orders from Shopify API...
2026-03-01 10:59:06 [DEBUG] urllib3.connectionpool: Starting new HTTPS connection (1): ymy9ur-n2.myshopify.com:443
2026-03-01 10:59:07 [DEBUG] urllib3.connectionpool: https://ymy9ur-n2.myshopify.com:443 "GET /admin/api/2024-01/orders.json?status=any&created_at_min=2026-02-16T00%3A00%3A00Z&created_at_max=2026-02-22T23%3A59%3A59Z&limit=250&fields=id%2Cname%2Ccreated_at%2Cfinancial_status%2Cfulfillment_status%2Ccancelled_at%2Ctest%2Ccurrency%2Csubtotal_price%2Ctotal_discounts%2Ctotal_tax%2Ctotal_shipping_price_set%2Ctotal_price%2Cshipping_lines%2Cline_items%2Crefunds%2Csubtotal_price_set%2Ctotal_discounts_set%2Ctotal_tax_set%2Ctotal_price_set HTTP/1.1" 200 None
2026-03-01 10:59:07 [INFO] src.shopify_client: Fetched 8 orders (total so far: 8)
2026-03-01 10:59:07 [INFO] weekly_pnl: Fetched 8 orders from Shopify
2026-03-01 10:59:07 [INFO] weekly_pnl: Fetching costs for 5 variants...
2026-03-01 10:59:08 [DEBUG] urllib3.connectionpool: https://ymy9ur-n2.myshopify.com:443 "GET /admin/api/2024-01/variants/47425758167178.json HTTP/1.1" 200 None
2026-03-01 10:59:08 [DEBUG] urllib3.connectionpool: https://ymy9ur-n2.myshopify.com:443 "GET /admin/api/2024-01/variants/47640474845322.json HTTP/1.1" 200 None
2026-03-01 10:59:08 [DEBUG] urllib3.connectionpool: https://ymy9ur-n2.myshopify.com:443 "GET /admin/api/2024-01/variants/47652631380106.json HTTP/1.1" 200 None
2026-03-01 10:59:09 [DEBUG] urllib3.connectionpool: https://ymy9ur-n2.myshopify.com:443 "GET /admin/api/2024-01/variants/47425758199946.json HTTP/1.1" 200 None
2026-03-01 10:59:09 [DEBUG] urllib3.connectionpool: https://ymy9ur-n2.myshopify.com:443 "GET /admin/api/2024-01/variants/47390301618314.json HTTP/1.1" 200 None
2026-03-01 10:59:10 [DEBUG] urllib3.connectionpool: https://ymy9ur-n2.myshopify.com:443 "GET /admin/api/2024-01/inventory_items.json?ids=48793205342346%2C49018240368778%2C49030829015178%2C48793205375114%2C48756835745930&limit=100 HTTP/1.1" 200 None
2026-03-01 10:59:10 [INFO] src.excel_report: Report saved to ./output\pnl_week_2026-02-16_to_2026-02-22.xlsx
